#
# There is insufficient memory for the Java Runtime Environment to continue.
# Native memory allocation (malloc) failed to allocate 1449368 bytes. Error detail: Chunk::new
# Possible reasons:
#   The system is out of physical RAM or swap space
#   This process is running with CompressedOops enabled, and the Java Heap may be blocking the growth of the native heap
# Possible solutions:
#   Reduce memory load on the system
#   Increase physical memory or swap space
#   Check if swap backing store is full
#   Decrease Java heap size (-Xmx/-Xms)
#   Decrease number of Java threads
#   Decrease Java thread stack sizes (-Xss)
#   Set larger code cache with -XX:ReservedCodeCacheSize=
#   JVM is running with Zero Based Compressed Oops mode in which the Java heap is
#     placed in the first 32GB address space. The Java Heap base address is the
#     maximum limit for the native heap growth. Please use -XX:HeapBaseMinAddress
#     to set the Java Heap base and to place the Java Heap above 32GB virtual address.
# This output file may be truncated or incomplete.
#
#  Out of Memory Error (arena.cpp:186), pid=19540, tid=14360
#
# JRE version: OpenJDK Runtime Environment Temurin-25.0.2+10 (25.0.2+10) (build 25.0.2+10-LTS)
# Java VM: OpenJDK 64-Bit Server VM Temurin-25.0.2+10 (25.0.2+10-LTS, mixed mode, sharing, tiered, compressed oops, compressed class ptrs, g1 gc, windows-amd64)
# No core dump will be written. Minidumps are not enabled by default on client versions of Windows
#

---------------  S U M M A R Y ------------

Command Line: -Dmaven.multiModuleProjectDirectory=C:\Users\ziad6\IdeaProjects\demo3 org.apache.maven.wrapper.MavenWrapperMain -q -DskipTests package

Host: AMD Ryzen 5 3450U with Radeon Vega Mobile Gfx  , 8 cores, 13G,  Windows 11 , 64 bit Build 26100 (10.0.26100.8328)
Time: Tue May 12 01:19:39 2026 Egypt Daylight Time elapsed time: 4.372081 seconds (0d 0h 0m 4s)

---------------  T H R E A D  ---------------

Current thread (0x000001bdf71ca090):  JavaThread "C2 CompilerThread1" daemon [_thread_in_native, id=14360, stack(0x0000002f22100000,0x0000002f22200000) (1024K)]


Current CompileTask:
C2:4372 2647       4       com.google.inject.internal.MoreTypes::canonicalize (143 bytes)

Stack: [0x0000002f22100000,0x0000002f22200000]
Native frames: (J=compiled Java code, j=interpreted, Vv=VM code, C=native code)
V  [jvm.dll+0x7a8bc9]  (no source info available)
V  [jvm.dll+0x77310d]  (no source info available)
V  [jvm.dll+0x9f55f3]  (no source info available)
V  [jvm.dll+0x9f7be1]  (no source info available)
V  [jvm.dll+0x9f82f3]  (no source info available)
V  [jvm.dll+0x2fce26]  (no source info available)
V  [jvm.dll+0x111076]  (no source info available)
V  [jvm.dll+0x11139e]  (no source info available)
V  [jvm.dll+0x19fff2]  (no source info available)
V  [jvm.dll+0x3b5f62]  (no source info available)
V  [jvm.dll+0x7ae53c]  (no source info available)
V  [jvm.dll+0x2c0407]  (no source info available)
V  [jvm.dll+0x2bf3cf]  (no source info available)
V  [jvm.dll+0x237140]  (no source info available)
V  [jvm.dll+0x2cf4c6]  (no source info available)
V  [jvm.dll+0x2cd74a]  (no source info available)
V  [jvm.dll+0x48fbee]  (no source info available)
V  [jvm.dll+0x996b0d]  (no source info available)
V  [jvm.dll+0x7a71a5]  (no source info available)
C  [ucrtbase.dll+0x37b0]  (no source info available)
C  [KERNEL32.DLL+0x2e957]  (no source info available)
C  [ntdll.dll+0x427c]  (no source info available)

Lock stack of current Java thread (top to bottom):


---------------  P R O C E S S  ---------------

Threads class SMR info:
_java_thread_list=0x000001bdf6fa1960, length=13, elements={
0x000001bdd08f16e0, 0x000001bdf1a2bd80, 0x000001bdf1a2c7e0, 0x000001bdf1a2e450,
0x000001bdf1a303f0, 0x000001bdf1a30fb0, 0x000001bdf1a39b80, 0x000001bdf1a3afb0,
0x000001bdf1a561f0, 0x000001bdf1b2bfb0, 0x000001bdf1b32dc0, 0x000001bdf71ca090,
0x000001bdf71c6820
}

Java Threads: ( => current thread )
  0x000001bdd08f16e0 JavaThread "main"                              [_thread_in_native, id=20424, stack(0x0000002f20f00000,0x0000002f21000000) (1024K)]
  0x000001bdf1a2bd80 JavaThread "Reference Handler"          daemon [_thread_blocked, id=11452, stack(0x0000002f21700000,0x0000002f21800000) (1024K)]
  0x000001bdf1a2c7e0 JavaThread "Finalizer"                  daemon [_thread_blocked, id=20112, stack(0x0000002f21800000,0x0000002f21900000) (1024K)]
  0x000001bdf1a2e450 JavaThread "Signal Dispatcher"          daemon [_thread_blocked, id=10272, stack(0x0000002f21900000,0x0000002f21a00000) (1024K)]
  0x000001bdf1a303f0 JavaThread "Attach Listener"            daemon [_thread_blocked, id=4928, stack(0x0000002f21a00000,0x0000002f21b00000) (1024K)]
  0x000001bdf1a30fb0 JavaThread "Service Thread"             daemon [_thread_blocked, id=6608, stack(0x0000002f21b00000,0x0000002f21c00000) (1024K)]
  0x000001bdf1a39b80 JavaThread "Monitor Deflation Thread"   daemon [_thread_blocked, id=1748, stack(0x0000002f21c00000,0x0000002f21d00000) (1024K)]
  0x000001bdf1a3afb0 JavaThread "C2 CompilerThread0"         daemon [_thread_blocked, id=14656, stack(0x0000002f21d00000,0x0000002f21e00000) (1024K)]
  0x000001bdf1a561f0 JavaThread "C1 CompilerThread0"         daemon [_thread_blocked, id=15328, stack(0x0000002f21e00000,0x0000002f21f00000) (1024K)]
  0x000001bdf1b2bfb0 JavaThread "Notification Thread"        daemon [_thread_blocked, id=12604, stack(0x0000002f21f00000,0x0000002f22000000) (1024K)]
  0x000001bdf1b32dc0 JavaThread "Common-Cleaner"             daemon [_thread_blocked, id=14036, stack(0x0000002f22000000,0x0000002f22100000) (1024K)]
=>0x000001bdf71ca090 JavaThread "C2 CompilerThread1"         daemon [_thread_in_native, id=14360, stack(0x0000002f22100000,0x0000002f22200000) (1024K)]
  0x000001bdf71c6820 JavaThread "C2 CompilerThread2"         daemon [_thread_blocked, id=18860, stack(0x0000002f22800000,0x0000002f22900000) (1024K)]
Total: 13

Other Threads:
  0x000001bdf1a17780 VMThread "VM Thread"                           [id=6400, stack(0x0000002f21600000,0x0000002f21700000) (1024K)]
  0x000001bdf1a05100 WatcherThread "VM Periodic Task Thread"        [id=14092, stack(0x0000002f21500000,0x0000002f21600000) (1024K)]
  0x000001bdd2cf1890 WorkerThread "GC Thread#0"                     [id=17540, stack(0x0000002f21000000,0x0000002f21100000) (1024K)]
  0x000001bdf7127fa0 WorkerThread "GC Thread#1"                     [id=15300, stack(0x0000002f22200000,0x0000002f22300000) (1024K)]
  0x000001bdf71283d0 WorkerThread "GC Thread#2"                     [id=3000, stack(0x0000002f22300000,0x0000002f22400000) (1024K)]
  0x000001bdf6a26450 WorkerThread "GC Thread#3"                     [id=20380, stack(0x0000002f22400000,0x0000002f22500000) (1024K)]
  0x000001bdf6a26880 WorkerThread "GC Thread#4"                     [id=17568, stack(0x0000002f22500000,0x0000002f22600000) (1024K)]
  0x000001bdf6a894b0 WorkerThread "GC Thread#5"                     [id=19288, stack(0x0000002f22600000,0x0000002f22700000) (1024K)]
  0x000001bdf6a898e0 WorkerThread "GC Thread#6"                     [id=1132, stack(0x0000002f22700000,0x0000002f22800000) (1024K)]
  0x000001bdd2d07820 ConcurrentGCThread "G1 Main Marker"            [id=11032, stack(0x0000002f21100000,0x0000002f21200000) (1024K)]
  0x000001bdd2d0afc0 WorkerThread "G1 Conc#0"                       [id=15280, stack(0x0000002f21200000,0x0000002f21300000) (1024K)]
  0x000001bdf18d3960 ConcurrentGCThread "G1 Refine#0"               [id=17992, stack(0x0000002f21300000,0x0000002f21400000) (1024K)]
  0x000001bdf18d4220 ConcurrentGCThread "G1 Service"                [id=17248, stack(0x0000002f21400000,0x0000002f21500000) (1024K)]
Total: 13

Threads with active compile tasks:
C2 CompilerThread1  5552 2647       4       com.google.inject.internal.MoreTypes::canonicalize (143 bytes)
Total: 1

VM state: not at safepoint (normal execution)

VM Mutex/Monitor currently owned by a thread: None

Heap address: 0x0000000721c00000, size: 3556 MB, Compressed Oops mode: Zero based, Oop shift amount: 3

CDS archive(s) mapped at: [0x000000003e000000-0x000000003edd0000-0x000000003edd0000), size 14483456, SharedBaseAddress: 0x000000003e000000, ArchiveRelocationMode: 1.
Compressed class space mapped at: 0x000000003f000000-0x000000007f000000, reserved size: 1073741824
UseCompressedClassPointers 1, UseCompactObjectHeaders 0
Narrow klass pointer bits 32, Max shift 3
Narrow klass base: 0x000000003e000000, Narrow klass shift: 0
Encoding Range: [0x000000003e000000 - 0x000000013e000000), (4294967296 bytes)
Klass Range:    [0x000000003e010000 - 0x000000007f000000), (1090453504 bytes)
Klass ID Range:  [65536 - 1090519033) (1090453497)
Protection zone: [0x000000003e000000 - 0x000000003e010000), (65536 bytes)

GC Precious Log:
 CardTable entry size: 512
 Card Set container configuration: InlinePtr #cards 4 size 8 Array Of Cards #cards 16 size 48 Howl #buckets 8 coarsen threshold 3686 Howl Bitmap #cards 512 size 80 coarsen threshold 460 Card regions per heap region 1 cards per card region 4096
 CPUs: 8 total, 8 available
 Memory: 14222M
 Large Page Support: Disabled
 NUMA Support: Disabled
 Compressed Oops: Enabled (Zero based)
 Heap Region Size: 2M
 Heap Min Capacity: 8M
 Heap Initial Capacity: 224M
 Heap Max Capacity: 3556M
 Pre-touch: Disabled
 Parallel Workers: 8
 Concurrent Workers: 2
 Concurrent Refinement Workers: 8
 Periodic GC: Disabled

Heap:
 garbage-first heap   total reserved 3641344K, committed 231424K, used 26464K [0x0000000721c00000, 0x0000000800000000)
  region size 2048K, 14 young (28672K), 3 survivors (6144K)

Heap Regions: E=young(eden), S=young(survivor), O=old, HS=humongous(starts), HC=humongous(continues), CS=collection set, F=free, TAMS=top-at-mark-start, PB=parsable bottom
|   0|0x0000000721c00000, 0x0000000721c00000, 0x0000000721e00000|  0%| F|  |TAMS 0x0000000721c00000| PB 0x0000000721c00000| Untracked |  0
|   1|0x0000000721e00000, 0x0000000721e00000, 0x0000000722000000|  0%| F|  |TAMS 0x0000000721e00000| PB 0x0000000721e00000| Untracked |  0
|   2|0x0000000722000000, 0x0000000722000000, 0x0000000722200000|  0%| F|  |TAMS 0x0000000722000000| PB 0x0000000722000000| Untracked |  0
|   3|0x0000000722200000, 0x0000000722200000, 0x0000000722400000|  0%| F|  |TAMS 0x0000000722200000| PB 0x0000000722200000| Untracked |  0
|   4|0x0000000722400000, 0x0000000722400000, 0x0000000722600000|  0%| F|  |TAMS 0x0000000722400000| PB 0x0000000722400000| Untracked |  0
|   5|0x0000000722600000, 0x0000000722600000, 0x0000000722800000|  0%| F|  |TAMS 0x0000000722600000| PB 0x0000000722600000| Untracked |  0
|   6|0x0000000722800000, 0x0000000722800000, 0x0000000722a00000|  0%| F|  |TAMS 0x0000000722800000| PB 0x0000000722800000| Untracked |  0
|   7|0x0000000722a00000, 0x0000000722a00000, 0x0000000722c00000|  0%| F|  |TAMS 0x0000000722a00000| PB 0x0000000722a00000| Untracked |  0
|   8|0x0000000722c00000, 0x0000000722c00000, 0x0000000722e00000|  0%| F|  |TAMS 0x0000000722c00000| PB 0x0000000722c00000| Untracked |  0
|   9|0x0000000722e00000, 0x0000000722e00000, 0x0000000723000000|  0%| F|  |TAMS 0x0000000722e00000| PB 0x0000000722e00000| Untracked |  0
|  10|0x0000000723000000, 0x0000000723000000, 0x0000000723200000|  0%| F|  |TAMS 0x0000000723000000| PB 0x0000000723000000| Untracked |  0
|  11|0x0000000723200000, 0x0000000723200000, 0x0000000723400000|  0%| F|  |TAMS 0x0000000723200000| PB 0x0000000723200000| Untracked |  0
|  12|0x0000000723400000, 0x0000000723400000, 0x0000000723600000|  0%| F|  |TAMS 0x0000000723400000| PB 0x0000000723400000| Untracked |  0
|  13|0x0000000723600000, 0x0000000723600000, 0x0000000723800000|  0%| F|  |TAMS 0x0000000723600000| PB 0x0000000723600000| Untracked |  0
|  14|0x0000000723800000, 0x0000000723800000, 0x0000000723a00000|  0%| F|  |TAMS 0x0000000723800000| PB 0x0000000723800000| Untracked |  0
|  15|0x0000000723a00000, 0x0000000723a00000, 0x0000000723c00000|  0%| F|  |TAMS 0x0000000723a00000| PB 0x0000000723a00000| Untracked |  0
|  16|0x0000000723c00000, 0x0000000723c00000, 0x0000000723e00000|  0%| F|  |TAMS 0x0000000723c00000| PB 0x0000000723c00000| Untracked |  0
|  17|0x0000000723e00000, 0x0000000723e00000, 0x0000000724000000|  0%| F|  |TAMS 0x0000000723e00000| PB 0x0000000723e00000| Untracked |  0
|  18|0x0000000724000000, 0x0000000724000000, 0x0000000724200000|  0%| F|  |TAMS 0x0000000724000000| PB 0x0000000724000000| Untracked |  0
|  19|0x0000000724200000, 0x0000000724200000, 0x0000000724400000|  0%| F|  |TAMS 0x0000000724200000| PB 0x0000000724200000| Untracked |  0
|  20|0x0000000724400000, 0x0000000724400000, 0x0000000724600000|  0%| F|  |TAMS 0x0000000724400000| PB 0x0000000724400000| Untracked |  0
|  21|0x0000000724600000, 0x0000000724600000, 0x0000000724800000|  0%| F|  |TAMS 0x0000000724600000| PB 0x0000000724600000| Untracked |  0
|  22|0x0000000724800000, 0x0000000724800000, 0x0000000724a00000|  0%| F|  |TAMS 0x0000000724800000| PB 0x0000000724800000| Untracked |  0
|  23|0x0000000724a00000, 0x0000000724a00000, 0x0000000724c00000|  0%| F|  |TAMS 0x0000000724a00000| PB 0x0000000724a00000| Untracked |  0
|  24|0x0000000724c00000, 0x0000000724c00000, 0x0000000724e00000|  0%| F|  |TAMS 0x0000000724c00000| PB 0x0000000724c00000| Untracked |  0
|  25|0x0000000724e00000, 0x0000000724e00000, 0x0000000725000000|  0%| F|  |TAMS 0x0000000724e00000| PB 0x0000000724e00000| Untracked |  0
|  26|0x0000000725000000, 0x0000000725000000, 0x0000000725200000|  0%| F|  |TAMS 0x0000000725000000| PB 0x0000000725000000| Untracked |  0
|  27|0x0000000725200000, 0x0000000725200000, 0x0000000725400000|  0%| F|  |TAMS 0x0000000725200000| PB 0x0000000725200000| Untracked |  0
|  28|0x0000000725400000, 0x0000000725400000, 0x0000000725600000|  0%| F|  |TAMS 0x0000000725400000| PB 0x0000000725400000| Untracked |  0
|  29|0x0000000725600000, 0x0000000725600000, 0x0000000725800000|  0%| F|  |TAMS 0x0000000725600000| PB 0x0000000725600000| Untracked |  0
|  30|0x0000000725800000, 0x0000000725800000, 0x0000000725a00000|  0%| F|  |TAMS 0x0000000725800000| PB 0x0000000725800000| Untracked |  0
|  31|0x0000000725a00000, 0x0000000725a00000, 0x0000000725c00000|  0%| F|  |TAMS 0x0000000725a00000| PB 0x0000000725a00000| Untracked |  0
|  32|0x0000000725c00000, 0x0000000725c00000, 0x0000000725e00000|  0%| F|  |TAMS 0x0000000725c00000| PB 0x0000000725c00000| Untracked |  0
|  33|0x0000000725e00000, 0x0000000725e00000, 0x0000000726000000|  0%| F|  |TAMS 0x0000000725e00000| PB 0x0000000725e00000| Untracked |  0
|  34|0x0000000726000000, 0x0000000726000000, 0x0000000726200000|  0%| F|  |TAMS 0x0000000726000000| PB 0x0000000726000000| Untracked |  0
|  35|0x0000000726200000, 0x0000000726200000, 0x0000000726400000|  0%| F|  |TAMS 0x0000000726200000| PB 0x0000000726200000| Untracked |  0
|  36|0x0000000726400000, 0x0000000726400000, 0x0000000726600000|  0%| F|  |TAMS 0x0000000726400000| PB 0x0000000726400000| Untracked |  0
|  37|0x0000000726600000, 0x0000000726600000, 0x0000000726800000|  0%| F|  |TAMS 0x0000000726600000| PB 0x0000000726600000| Untracked |  0
|  38|0x0000000726800000, 0x0000000726800000, 0x0000000726a00000|  0%| F|  |TAMS 0x0000000726800000| PB 0x0000000726800000| Untracked |  0
|  39|0x0000000726a00000, 0x0000000726a00000, 0x0000000726c00000|  0%| F|  |TAMS 0x0000000726a00000| PB 0x0000000726a00000| Untracked |  0
|  40|0x0000000726c00000, 0x0000000726c00000, 0x0000000726e00000|  0%| F|  |TAMS 0x0000000726c00000| PB 0x0000000726c00000| Untracked |  0
|  41|0x0000000726e00000, 0x0000000726e00000, 0x0000000727000000|  0%| F|  |TAMS 0x0000000726e00000| PB 0x0000000726e00000| Untracked |  0
|  42|0x0000000727000000, 0x0000000727000000, 0x0000000727200000|  0%| F|  |TAMS 0x0000000727000000| PB 0x0000000727000000| Untracked |  0
|  43|0x0000000727200000, 0x0000000727200000, 0x0000000727400000|  0%| F|  |TAMS 0x0000000727200000| PB 0x0000000727200000| Untracked |  0
|  44|0x0000000727400000, 0x0000000727400000, 0x0000000727600000|  0%| F|  |TAMS 0x0000000727400000| PB 0x0000000727400000| Untracked |  0
|  45|0x0000000727600000, 0x0000000727600000, 0x0000000727800000|  0%| F|  |TAMS 0x0000000727600000| PB 0x0000000727600000| Untracked |  0
|  46|0x0000000727800000, 0x0000000727800000, 0x0000000727a00000|  0%| F|  |TAMS 0x0000000727800000| PB 0x0000000727800000| Untracked |  0
|  47|0x0000000727a00000, 0x0000000727a00000, 0x0000000727c00000|  0%| F|  |TAMS 0x0000000727a00000| PB 0x0000000727a00000| Untracked |  0
|  48|0x0000000727c00000, 0x0000000727c00000, 0x0000000727e00000|  0%| F|  |TAMS 0x0000000727c00000| PB 0x0000000727c00000| Untracked |  0
|  49|0x0000000727e00000, 0x0000000727e00000, 0x0000000728000000|  0%| F|  |TAMS 0x0000000727e00000| PB 0x0000000727e00000| Untracked |  0
|  50|0x0000000728000000, 0x0000000728000000, 0x0000000728200000|  0%| F|  |TAMS 0x0000000728000000| PB 0x0000000728000000| Untracked |  0
|  51|0x0000000728200000, 0x0000000728200000, 0x0000000728400000|  0%| F|  |TAMS 0x0000000728200000| PB 0x0000000728200000| Untracked |  0
|  52|0x0000000728400000, 0x0000000728400000, 0x0000000728600000|  0%| F|  |TAMS 0x0000000728400000| PB 0x0000000728400000| Untracked |  0
|  53|0x0000000728600000, 0x0000000728600000, 0x0000000728800000|  0%| F|  |TAMS 0x0000000728600000| PB 0x0000000728600000| Untracked |  0
|  54|0x0000000728800000, 0x0000000728800000, 0x0000000728a00000|  0%| F|  |TAMS 0x0000000728800000| PB 0x0000000728800000| Untracked |  0
|  55|0x0000000728a00000, 0x0000000728a00000, 0x0000000728c00000|  0%| F|  |TAMS 0x0000000728a00000| PB 0x0000000728a00000| Untracked |  0
|  56|0x0000000728c00000, 0x0000000728c00000, 0x0000000728e00000|  0%| F|  |TAMS 0x0000000728c00000| PB 0x0000000728c00000| Untracked |  0
|  57|0x0000000728e00000, 0x0000000728e00000, 0x0000000729000000|  0%| F|  |TAMS 0x0000000728e00000| PB 0x0000000728e00000| Untracked |  0
|  58|0x0000000729000000, 0x0000000729000000, 0x0000000729200000|  0%| F|  |TAMS 0x0000000729000000| PB 0x0000000729000000| Untracked |  0
|  59|0x0000000729200000, 0x0000000729200000, 0x0000000729400000|  0%| F|  |TAMS 0x0000000729200000| PB 0x0000000729200000| Untracked |  0
|  60|0x0000000729400000, 0x0000000729400000, 0x0000000729600000|  0%| F|  |TAMS 0x0000000729400000| PB 0x0000000729400000| Untracked |  0
|  61|0x0000000729600000, 0x0000000729600000, 0x0000000729800000|  0%| F|  |TAMS 0x0000000729600000| PB 0x0000000729600000| Untracked |  0
|  62|0x0000000729800000, 0x0000000729800000, 0x0000000729a00000|  0%| F|  |TAMS 0x0000000729800000| PB 0x0000000729800000| Untracked |  0
|  63|0x0000000729a00000, 0x0000000729a00000, 0x0000000729c00000|  0%| F|  |TAMS 0x0000000729a00000| PB 0x0000000729a00000| Untracked |  0
|  64|0x0000000729c00000, 0x0000000729c00000, 0x0000000729e00000|  0%| F|  |TAMS 0x0000000729c00000| PB 0x0000000729c00000| Untracked |  0
|  65|0x0000000729e00000, 0x0000000729e00000, 0x000000072a000000|  0%| F|  |TAMS 0x0000000729e00000| PB 0x0000000729e00000| Untracked |  0
|  66|0x000000072a000000, 0x000000072a000000, 0x000000072a200000|  0%| F|  |TAMS 0x000000072a000000| PB 0x000000072a000000| Untracked |  0
|  67|0x000000072a200000, 0x000000072a200000, 0x000000072a400000|  0%| F|  |TAMS 0x000000072a200000| PB 0x000000072a200000| Untracked |  0
|  68|0x000000072a400000, 0x000000072a400000, 0x000000072a600000|  0%| F|  |TAMS 0x000000072a400000| PB 0x000000072a400000| Untracked |  0
|  69|0x000000072a600000, 0x000000072a600000, 0x000000072a800000|  0%| F|  |TAMS 0x000000072a600000| PB 0x000000072a600000| Untracked |  0
|  70|0x000000072a800000, 0x000000072a800000, 0x000000072aa00000|  0%| F|  |TAMS 0x000000072a800000| PB 0x000000072a800000| Untracked |  0
|  71|0x000000072aa00000, 0x000000072aa00000, 0x000000072ac00000|  0%| F|  |TAMS 0x000000072aa00000| PB 0x000000072aa00000| Untracked |  0
|  72|0x000000072ac00000, 0x000000072ac00000, 0x000000072ae00000|  0%| F|  |TAMS 0x000000072ac00000| PB 0x000000072ac00000| Untracked |  0
|  73|0x000000072ae00000, 0x000000072ae00000, 0x000000072b000000|  0%| F|  |TAMS 0x000000072ae00000| PB 0x000000072ae00000| Untracked |  0
|  74|0x000000072b000000, 0x000000072b000000, 0x000000072b200000|  0%| F|  |TAMS 0x000000072b000000| PB 0x000000072b000000| Untracked |  0
|  75|0x000000072b200000, 0x000000072b200000, 0x000000072b400000|  0%| F|  |TAMS 0x000000072b200000| PB 0x000000072b200000| Untracked |  0
|  76|0x000000072b400000, 0x000000072b400000, 0x000000072b600000|  0%| F|  |TAMS 0x000000072b400000| PB 0x000000072b400000| Untracked |  0
|  77|0x000000072b600000, 0x000000072b600000, 0x000000072b800000|  0%| F|  |TAMS 0x000000072b600000| PB 0x000000072b600000| Untracked |  0
|  78|0x000000072b800000, 0x000000072b800000, 0x000000072ba00000|  0%| F|  |TAMS 0x000000072b800000| PB 0x000000072b800000| Untracked |  0
|  79|0x000000072ba00000, 0x000000072ba00000, 0x000000072bc00000|  0%| F|  |TAMS 0x000000072ba00000| PB 0x000000072ba00000| Untracked |  0
|  80|0x000000072bc00000, 0x000000072bc00000, 0x000000072be00000|  0%| F|  |TAMS 0x000000072bc00000| PB 0x000000072bc00000| Untracked |  0
|  81|0x000000072be00000, 0x000000072be00000, 0x000000072c000000|  0%| F|  |TAMS 0x000000072be00000| PB 0x000000072be00000| Untracked |  0
|  82|0x000000072c000000, 0x000000072c000000, 0x000000072c200000|  0%| F|  |TAMS 0x000000072c000000| PB 0x000000072c000000| Untracked |  0
|  83|0x000000072c200000, 0x000000072c200000, 0x000000072c400000|  0%| F|  |TAMS 0x000000072c200000| PB 0x000000072c200000| Untracked |  0
|  84|0x000000072c400000, 0x000000072c400000, 0x000000072c600000|  0%| F|  |TAMS 0x000000072c400000| PB 0x000000072c400000| Untracked |  0
|  85|0x000000072c600000, 0x000000072c6b32f0, 0x000000072c800000| 34%| S|CS|TAMS 0x000000072c600000| PB 0x000000072c600000| Complete |  0
|  86|0x000000072c800000, 0x000000072ca00000, 0x000000072ca00000|100%| S|CS|TAMS 0x000000072c800000| PB 0x000000072c800000| Complete |  0
|  87|0x000000072ca00000, 0x000000072cc00000, 0x000000072cc00000|100%| S|CS|TAMS 0x000000072ca00000| PB 0x000000072ca00000| Complete |  0
|  88|0x000000072cc00000, 0x000000072cc00000, 0x000000072ce00000|  0%| F|  |TAMS 0x000000072cc00000| PB 0x000000072cc00000| Untracked |  0
|  89|0x000000072ce00000, 0x000000072ce00000, 0x000000072d000000|  0%| F|  |TAMS 0x000000072ce00000| PB 0x000000072ce00000| Untracked |  0
|  90|0x000000072d000000, 0x000000072d000000, 0x000000072d200000|  0%| F|  |TAMS 0x000000072d000000| PB 0x000000072d000000| Untracked |  0
|  91|0x000000072d200000, 0x000000072d200000, 0x000000072d400000|  0%| F|  |TAMS 0x000000072d200000| PB 0x000000072d200000| Untracked |  0
|  92|0x000000072d400000, 0x000000072d400000, 0x000000072d600000|  0%| F|  |TAMS 0x000000072d400000| PB 0x000000072d400000| Untracked |  0
|  93|0x000000072d600000, 0x000000072d600000, 0x000000072d800000|  0%| F|  |TAMS 0x000000072d600000| PB 0x000000072d600000| Untracked |  0
|  94|0x000000072d800000, 0x000000072d800000, 0x000000072da00000|  0%| F|  |TAMS 0x000000072d800000| PB 0x000000072d800000| Untracked |  0
|  95|0x000000072da00000, 0x000000072da00000, 0x000000072dc00000|  0%| F|  |TAMS 0x000000072da00000| PB 0x000000072da00000| Untracked |  0
|  96|0x000000072dc00000, 0x000000072dc00000, 0x000000072de00000|  0%| F|  |TAMS 0x000000072dc00000| PB 0x000000072dc00000| Untracked |  0
|  97|0x000000072de00000, 0x000000072de00000, 0x000000072e000000|  0%| F|  |TAMS 0x000000072de00000| PB 0x000000072de00000| Untracked |  0
|  98|0x000000072e000000, 0x000000072e000000, 0x000000072e200000|  0%| F|  |TAMS 0x000000072e000000| PB 0x000000072e000000| Untracked |  0
|  99|0x000000072e200000, 0x000000072e200000, 0x000000072e400000|  0%| F|  |TAMS 0x000000072e200000| PB 0x000000072e200000| Untracked |  0
| 100|0x000000072e400000, 0x000000072e400000, 0x000000072e600000|  0%| F|  |TAMS 0x000000072e400000| PB 0x000000072e400000| Untracked |  0
| 101|0x000000072e600000, 0x000000072e6d2200, 0x000000072e800000| 41%| E|  |TAMS 0x000000072e600000| PB 0x000000072e600000| Complete |  0
| 102|0x000000072e800000, 0x000000072ea00000, 0x000000072ea00000|100%| E|CS|TAMS 0x000000072e800000| PB 0x000000072e800000| Complete |  0
| 103|0x000000072ea00000, 0x000000072ec00000, 0x000000072ec00000|100%| E|CS|TAMS 0x000000072ea00000| PB 0x000000072ea00000| Complete |  0
| 104|0x000000072ec00000, 0x000000072ee00000, 0x000000072ee00000|100%| E|CS|TAMS 0x000000072ec00000| PB 0x000000072ec00000| Complete |  0
| 105|0x000000072ee00000, 0x000000072f000000, 0x000000072f000000|100%| E|CS|TAMS 0x000000072ee00000| PB 0x000000072ee00000| Complete |  0
| 106|0x000000072f000000, 0x000000072f200000, 0x000000072f200000|100%| E|CS|TAMS 0x000000072f000000| PB 0x000000072f000000| Complete |  0
| 107|0x000000072f200000, 0x000000072f400000, 0x000000072f400000|100%| E|CS|TAMS 0x000000072f200000| PB 0x000000072f200000| Complete |  0
| 108|0x000000072f400000, 0x000000072f600000, 0x000000072f600000|100%| E|CS|TAMS 0x000000072f400000| PB 0x000000072f400000| Complete |  0
| 109|0x000000072f600000, 0x000000072f800000, 0x000000072f800000|100%| E|CS|TAMS 0x000000072f600000| PB 0x000000072f600000| Complete |  0
| 110|0x000000072f800000, 0x000000072fa00000, 0x000000072fa00000|100%| E|CS|TAMS 0x000000072f800000| PB 0x000000072f800000| Complete |  0
| 111|0x000000072fa00000, 0x000000072fc00000, 0x000000072fc00000|100%| E|CS|TAMS 0x000000072fa00000| PB 0x000000072fa00000| Complete |  0
|1777|0x00000007ffe00000, 0x00000007fff24ea8, 0x0000000800000000| 57%| O|  |TAMS 0x00000007ffe00000| PB 0x00000007ffe00000| Untracked |  0

Card table byte_map: [0x000001bdeb1b0000,0x000001bdeb8b0000] _byte_map_base: 0x000001bde78a2000

Marking Bits: (CMBitMap*) 0x000001bdd2cf2020
 Bits: [0x000001bdeb8b0000, 0x000001bdef040000)

Polling page: 0x000001bdd0aa0000

Metaspace:
Metaspace        used 13631K, committed 13824K, reserved 1114112K
 class space     used 1717K, committed 1792K, reserved 1048576K

Usage:
  Non-class:     11.64 MB used.
      Class:      1.68 MB used.
       Both:     13.31 MB used.

Virtual space:
  Non-class space:       64.00 MB reserved,      11.75 MB ( 18%) committed,  1 nodes.
      Class space:        1.00 GB reserved,       1.75 MB ( <1%) committed,  1 nodes.
             Both:        1.06 GB reserved,      13.50 MB (  1%) committed. 

Chunk freelists:
   Non-Class:  3.64 MB
       Class:  14.08 MB
        Both:  17.72 MB

MaxMetaspaceSize: unlimited
CompressedClassSpaceSize: 1.00 GB
Initial GC threshold: 21.00 MB
Current GC threshold: 21.00 MB
CDS: on
 - commit_granule_bytes: 65536.
 - commit_granule_words: 8192.
 - virtual_space_node_default_size: 8388608.
 - enlarge_chunks_in_place: 1.
UseCompressedClassPointers 1, UseCompactObjectHeaders 0
Narrow klass pointer bits 32, Max shift 3
Narrow klass base: 0x000000003e000000, Narrow klass shift: 0
Encoding Range: [0x000000003e000000 - 0x000000013e000000), (4294967296 bytes)
Klass Range:    [0x000000003e010000 - 0x000000007f000000), (1090453504 bytes)
Klass ID Range:  [65536 - 1090519033) (1090453497)
Protection zone: [0x000000003e000000 - 0x000000003e010000), (65536 bytes)


Internal statistics:

num_allocs_failed_limit: 0.
num_arena_births: 136.
num_arena_deaths: 0.
num_vsnodes_births: 2.
num_vsnodes_deaths: 0.
num_space_committed: 216.
num_space_uncommitted: 0.
num_chunks_returned_to_freelist: 0.
num_chunks_taken_from_freelist: 578.
num_chunk_merges: 0.
num_chunk_splits: 412.
num_chunks_enlarged: 334.
num_inconsistent_stats: 0.

CodeHeap 'non-profiled nmethods': size=120064Kb used=834Kb max_used=834Kb free=119229Kb
 bounds [0x000001bde3240000, 0x000001bde34b0000, 0x000001bdea780000]
CodeHeap 'profiled nmethods': size=120000Kb used=4323Kb max_used=4323Kb free=115676Kb
 bounds [0x000001bddb780000, 0x000001bddbbc0000, 0x000001bde2cb0000]
CodeHeap 'non-nmethods': size=5696Kb used=1396Kb max_used=1482Kb free=4299Kb
 bounds [0x000001bde2cb0000, 0x000001bde2f20000, 0x000001bde3240000]
CodeCache: size=245760Kb, used=6553Kb, max_used=6639Kb, free=239204Kb
 total_blobs=3365, nmethods=2845, adapters=422, full_count=0
Compilation: enabled, stopped_count=0, restarted_count=0

Compilation events (20 events):
Event: 3.350 Thread 0x000001bdf1a561f0 nmethod 2680 0x000001bddbb6c288 code [0x000001bddbb6c380, 0x000001bddbb6c718]
Event: 3.350 Thread 0x000001bdf1a561f0 2681       3       java.lang.invoke.MethodHandles$Lookup::unreflectField (126 bytes)
Event: 3.351 Thread 0x000001bdf1a561f0 nmethod 2681 0x000001bddbb6c788 code [0x000001bddbb6c880, 0x000001bddbb6d3e8]
Event: 3.351 Thread 0x000001bdf1a561f0 2682       3       com.google.common.cache.LocalCache$Segment::cleanUp (21 bytes)
Event: 3.351 Thread 0x000001bdf1a561f0 nmethod 2682 0x000001bddbb6d408 code [0x000001bddbb6d500, 0x000001bddbb6dac8]
Event: 3.351 Thread 0x000001bdf1a561f0 2684       3       java.util.HashSet::<init> (16 bytes)
Event: 3.351 Thread 0x000001bdf1a561f0 nmethod 2684 0x000001bddbb6db08 code [0x000001bddbb6dc00, 0x000001bddbb6e008]
Event: 3.351 Thread 0x000001bdf1a561f0 2683       3       java.util.concurrent.ConcurrentLinkedQueue::poll (84 bytes)
Event: 3.352 Thread 0x000001bdf1a561f0 nmethod 2683 0x000001bddbb6e088 code [0x000001bddbb6e180, 0x000001bddbb6ee60]
Event: 3.352 Thread 0x000001bdf1a561f0 2685       3       java.util.ArrayList::<init> (61 bytes)
Event: 3.353 Thread 0x000001bdf1a561f0 nmethod 2685 0x000001bddbb6ee88 code [0x000001bddbb6ef80, 0x000001bddbb6faa0]
Event: 3.357 Thread 0x000001bdf1a561f0 2687       3       java.lang.invoke.BoundMethodHandle::makeReinvoker (27 bytes)
Event: 3.357 Thread 0x000001bdf1a561f0 nmethod 2687 0x000001bddbb6fb08 code [0x000001bddbb6fc00, 0x000001bddbb6fee0]
Event: 3.357 Thread 0x000001bdf1a561f0 2688       3       java.util.HashMap::<init> (8 bytes)
Event: 3.357 Thread 0x000001bdf1a561f0 nmethod 2688 0x000001bddbb6ff08 code [0x000001bddbb70020, 0x000001bddbb70158]
Event: 3.358 Thread 0x000001bdf1a561f0 2689       3       com.google.inject.internal.asm.$ClassWriter::toByteArray (1535 bytes)
Event: 3.363 Thread 0x000001bdf1a561f0 nmethod 2689 0x000001bddbb70208 code [0x000001bddbb70300, 0x000001bddbb75650]
Event: 3.363 Thread 0x000001bdf1a561f0 2690       3       sun.reflect.generics.parser.SignatureParser::parseClassTypeSignature (95 bytes)
Event: 4.364 Thread 0x000001bdf1a561f0 nmethod 2690 0x000001bddbb75688 code [0x000001bddbb75780, 0x000001bddbb76df0]
Event: 4.364 Thread 0x000001bdf1a561f0 2695       3       com.google.inject.internal.asm.$MethodWriter::putMethodInfo (1274 bytes)

GC Heap Usage History (2 events):
Event: 2.320 {heap Before GC invocations=0 (full 0):
 garbage-first heap   total reserved 3641344K, committed 231424K, used 50323K [0x0000000721c00000, 0x0000000800000000)
  region size 2048K, 24 young (49152K), 0 survivors (0K)
}
Event: 2.326 {heap After GC invocations=1 (full 0):
 garbage-first heap   total reserved 3641344K, committed 231424K, used 5984K [0x0000000721c00000, 0x0000000800000000)
  region size 2048K, 3 young (6144K), 3 survivors (6144K)
}

Metaspace Usage History (2 events):
Event: 2.320 {metaspace Before GC invocations=0 (full 0):
 Metaspace       used 9789K, committed 10048K, reserved 1114112K
  class space    used 1200K, committed 1344K, reserved 1048576K
}
Event: 2.326 {metaspace After GC invocations=1 (full 0):
 Metaspace       used 9789K, committed 10048K, reserved 1114112K
  class space    used 1200K, committed 1344K, reserved 1048576K
}

Dll operation events (7 events):
Event: 0.018 Loaded shared library C:\Program Files\Eclipse Adoptium\jdk-25.0.2.10-hotspot\bin\java.dll
Event: 0.078 Loaded shared library C:\Program Files\Eclipse Adoptium\jdk-25.0.2.10-hotspot\bin\net.dll
Event: 0.082 Loaded shared library C:\Program Files\Eclipse Adoptium\jdk-25.0.2.10-hotspot\bin\nio.dll
Event: 0.088 Loaded shared library C:\Program Files\Eclipse Adoptium\jdk-25.0.2.10-hotspot\bin\zip.dll
Event: 0.109 Loaded shared library C:\Program Files\Eclipse Adoptium\jdk-25.0.2.10-hotspot\bin\jimage.dll
Event: 0.456 Loaded shared library C:\Users\ziad6\AppData\Local\Temp\jansi-2.4.0-9299ab23d0deefd4-jansi.dll
Event: 0.485 Loaded shared library C:\Program Files\Eclipse Adoptium\jdk-25.0.2.10-hotspot\bin\verify.dll

Deoptimization events (20 events):
Event: 3.202 Thread 0x000001bdd08f16e0 Uncommon trap: trap_request=0xffffffc6 fr.pc=0x000001bde32ba058 relative=0x0000000000000a58
Event: 3.202 Thread 0x000001bdd08f16e0 Uncommon trap: reason=bimorphic_or_optimized_type_check action=maybe_recompile pc=0x000001bde32ba058 method=java.util.HashMap.putVal(ILjava/lang/Object;Ljava/lang/Object;ZZ)Ljava/lang/Object; @ 91 c2
Event: 3.203 Thread 0x000001bdd08f16e0 DEOPT PACKING pc=0x000001bde32ba058 sp=0x0000002f20ffe5f0
Event: 3.203 Thread 0x000001bdd08f16e0 DEOPT UNPACKING pc=0x000001bde2dcfc02 sp=0x0000002f20ffe500 mode 2
Event: 3.203 Thread 0x000001bdd08f16e0 Uncommon trap: trap_request=0xffffffc6 fr.pc=0x000001bde32ba058 relative=0x0000000000000a58
Event: 3.203 Thread 0x000001bdd08f16e0 Uncommon trap: reason=bimorphic_or_optimized_type_check action=maybe_recompile pc=0x000001bde32ba058 method=java.util.HashMap.putVal(ILjava/lang/Object;Ljava/lang/Object;ZZ)Ljava/lang/Object; @ 91 c2
Event: 3.203 Thread 0x000001bdd08f16e0 DEOPT PACKING pc=0x000001bde32ba058 sp=0x0000002f20ffe5f0
Event: 3.203 Thread 0x000001bdd08f16e0 DEOPT UNPACKING pc=0x000001bde2dcfc02 sp=0x0000002f20ffe500 mode 2
Event: 3.203 Thread 0x000001bdd08f16e0 Uncommon trap: trap_request=0xffffffc6 fr.pc=0x000001bde32ba058 relative=0x0000000000000a58
Event: 3.203 Thread 0x000001bdd08f16e0 Uncommon trap: reason=bimorphic_or_optimized_type_check action=maybe_recompile pc=0x000001bde32ba058 method=java.util.HashMap.putVal(ILjava/lang/Object;Ljava/lang/Object;ZZ)Ljava/lang/Object; @ 91 c2
Event: 3.203 Thread 0x000001bdd08f16e0 DEOPT PACKING pc=0x000001bde32ba058 sp=0x0000002f20ffe5f0
Event: 3.203 Thread 0x000001bdd08f16e0 DEOPT UNPACKING pc=0x000001bde2dcfc02 sp=0x0000002f20ffe500 mode 2
Event: 3.203 Thread 0x000001bdd08f16e0 Uncommon trap: trap_request=0xffffffc6 fr.pc=0x000001bde32bb254 relative=0x0000000000000a54
Event: 3.203 Thread 0x000001bdd08f16e0 Uncommon trap: reason=bimorphic_or_optimized_type_check action=maybe_recompile pc=0x000001bde32bb254 method=java.util.HashMap.putVal(ILjava/lang/Object;Ljava/lang/Object;ZZ)Ljava/lang/Object; @ 91 c2
Event: 3.203 Thread 0x000001bdd08f16e0 DEOPT PACKING pc=0x000001bde32bb254 sp=0x0000002f20ffe530
Event: 3.203 Thread 0x000001bdd08f16e0 DEOPT UNPACKING pc=0x000001bde2dcfc02 sp=0x0000002f20ffe4f0 mode 2
Event: 3.299 Thread 0x000001bdd08f16e0 Uncommon trap: trap_request=0xffffff45 fr.pc=0x000001bde32df384 relative=0x0000000000000204
Event: 3.299 Thread 0x000001bdd08f16e0 Uncommon trap: reason=unstable_if action=reinterpret pc=0x000001bde32df384 method=java.util.WeakHashMap.expungeStaleEntries()V @ 9 c2
Event: 3.299 Thread 0x000001bdd08f16e0 DEOPT PACKING pc=0x000001bde32df384 sp=0x0000002f20ffeb30
Event: 3.299 Thread 0x000001bdd08f16e0 DEOPT UNPACKING pc=0x000001bde2dcfc02 sp=0x0000002f20ffea70 mode 2

Classes loaded (20 events):
Event: 2.623 Loading class java/lang/invoke/ClassSpecializer$Factory$1$5
Event: 2.623 Loading class java/lang/invoke/ClassSpecializer$Factory$1$5 done
Event: 2.623 Loading class java/lang/invoke/ClassSpecializer$Factory$1$5$1
Event: 2.623 Loading class java/lang/invoke/ClassSpecializer$Factory$1$5$1 done
Event: 2.643 Loading class java/lang/ClassValue$RemovalToken
Event: 2.643 Loading class java/lang/ClassValue$RemovalToken done
Event: 2.939 Loading class sun/reflect/generics/scope/MethodScope
Event: 2.939 Loading class sun/reflect/generics/scope/MethodScope done
Event: 2.939 Loading class sun/reflect/generics/repository/MethodRepository
Event: 2.939 Loading class sun/reflect/generics/repository/MethodRepository done
Event: 3.236 Loading class java/util/ConcurrentModificationException
Event: 3.236 Loading class java/util/ConcurrentModificationException done
Event: 3.289 Loading class java/lang/ClassFormatError
Event: 3.289 Loading class java/lang/ClassFormatError done
Event: 3.347 Loading class java/util/concurrent/ThreadPoolExecutor
Event: 3.348 Loading class java/util/concurrent/ThreadPoolExecutor done
Event: 3.348 Loading class java/util/concurrent/ThreadPoolExecutor$AbortPolicy
Event: 3.348 Loading class java/util/concurrent/RejectedExecutionHandler
Event: 3.348 Loading class java/util/concurrent/RejectedExecutionHandler done
Event: 3.348 Loading class java/util/concurrent/ThreadPoolExecutor$AbortPolicy done

Classes unloaded (0 events):
No events

Classes redefined (0 events):
No events

Internal exceptions (20 events):
Event: 0.470 Thread 0x000001bdd08f16e0 Exception <a 'java/lang/NullPointerException'{0x000000072f49ccd8}> (0x000000072f49ccd8) 
thrown [s\src\hotspot\share\interpreter\linkResolver.cpp, line 1416]
Event: 0.518 Thread 0x000001bdd08f16e0 Exception <a 'java/lang/NoSuchMethodError'{0x000000072f52f6e8}: 'void java.lang.invoke.DirectMethodHandle$Holder.invokeStatic(java.lang.Object, java.lang.Object, java.lang.Object)'> (0x000000072f52f6e8) 
thrown [s\src\hotspot\share\interpreter\linkResolver.cpp, line 804]
Event: 0.625 Thread 0x000001bdd08f16e0 Exception <a 'java/lang/NoSuchMethodError'{0x000000072f2fc7b8}: 'java.lang.Object java.lang.invoke.DirectMethodHandle$Holder.invokeSpecialIFC(java.lang.Object, java.lang.Object, java.lang.Object, java.lang.Object)'> (0x000000072f2fc7b8) 
thrown [s\src\hotspot\share\interpreter\linkResolver.cpp, line 804]
Event: 0.941 Thread 0x000001bdd08f16e0 Exception <a 'java/lang/NoSuchMethodError'{0x000000072ed8d298}: 'java.lang.Object java.lang.invoke.DirectMethodHandle$Holder.invokeInterface(java.lang.Object, java.lang.Object)'> (0x000000072ed8d298) 
thrown [s\src\hotspot\share\interpreter\linkResolver.cpp, line 804]
Event: 0.974 Thread 0x000001bdd08f16e0 Exception <a 'java/lang/NoSuchMethodError'{0x000000072ea48200}: 'int java.lang.invoke.DirectMethodHandle$Holder.invokeStatic(java.lang.Object, java.lang.Object, java.lang.Object, java.lang.Object)'> (0x000000072ea48200) 
thrown [s\src\hotspot\share\interpreter\linkResolver.cpp, line 804]
Event: 0.981 Thread 0x000001bdd08f16e0 Exception <a 'java/lang/NoSuchMethodError'{0x000000072ea71dd8}: 'int java.lang.invoke.DirectMethodHandle$Holder.invokeSpecialIFC(java.lang.Object, java.lang.Object, java.lang.Object, java.lang.Object, java.lang.Object)'> (0x000000072ea71dd8) 
thrown [s\src\hotspot\share\interpreter\linkResolver.cpp, line 804]
Event: 1.081 Thread 0x000001bdd08f16e0 Exception <a 'java/lang/NoSuchMethodError'{0x000000072e879838}: 'java.lang.Object java.lang.invoke.DirectMethodHandle$Holder.newInvokeSpecial(java.lang.Object, java.lang.Object, java.lang.Object, java.lang.Object, java.lang.Object)'> (0x000000072e879838) 
thrown [s\src\hotspot\share\interpreter\linkResolver.cpp, line 804]
Event: 1.153 Thread 0x000001bdd08f16e0 Exception <a 'java/lang/NoSuchMethodError'{0x000000072e9c1cc0}: 'int java.lang.invoke.DirectMethodHandle$Holder.invokeStaticInit(java.lang.Object, java.lang.Object)'> (0x000000072e9c1cc0) 
thrown [s\src\hotspot\share\interpreter\linkResolver.cpp, line 804]
Event: 1.169 Thread 0x000001bdd08f16e0 Exception <a 'java/lang/NoClassDefFoundError'{0x000000072e601a58}: javax/enterprise/inject/Typed> (0x000000072e601a58) 
thrown [s\src\hotspot\share\classfile\systemDictionary.cpp, line 316]
Event: 2.548 Thread 0x000001bdd08f16e0 Exception <a 'java/lang/NoSuchMethodError'{0x000000072f49a050}: 'void java.lang.invoke.DirectMethodHandle$Holder.invokeStaticInit(java.lang.Object, java.lang.Object, java.lang.Object)'> (0x000000072f49a050) 
thrown [s\src\hotspot\share\interpreter\linkResolver.cpp, line 804]
Event: 2.557 Thread 0x000001bdd08f16e0 Exception <a 'java/lang/ExceptionInInitializerError'{0x000000072f4e9d38}> (0x000000072f4e9d38) 
thrown [s\src\hotspot\share\oops\instanceKlass.cpp, line 1349]
Event: 2.568 Thread 0x000001bdd08f16e0 Exception <a 'java/lang/NoSuchMethodError'{0x000000072f52a410}: 'long java.lang.invoke.DelegatingMethodHandle$Holder.reinvoke_L(java.lang.Object, java.lang.Object, java.lang.Object)'> (0x000000072f52a410) 
thrown [s\src\hotspot\share\interpreter\linkResolver.cpp, line 804]
Event: 2.619 Thread 0x000001bdd08f16e0 Exception <a 'java/lang/NoSuchMethodError'{0x000000072f245ae8}: 'long java.lang.invoke.DelegatingMethodHandle$Holder.reinvoke_L(java.lang.Object, java.lang.Object, int)'> (0x000000072f245ae8) 
thrown [s\src\hotspot\share\interpreter\linkResolver.cpp, line 804]
Event: 2.626 Thread 0x000001bdd08f16e0 Exception <a 'java/lang/NoSuchMethodError'{0x000000072f25dc80}: 'java.lang.Object java.lang.invoke.DirectMethodHandle$Holder.invokeStatic(java.lang.Object, java.lang.Object, java.lang.Object, java.lang.Object, int)'> (0x000000072f25dc80) 
thrown [s\src\hotspot\share\interpreter\linkResolver.cpp, line 804]
Event: 2.628 Thread 0x000001bdd08f16e0 Exception <a 'java/lang/NoSuchMethodError'{0x000000072f26f468}: 'java.lang.Object java.lang.invoke.DirectMethodHandle$Holder.invokeSpecial(java.lang.Object, java.lang.Object, java.lang.Object, java.lang.Object, long)'> (0x000000072f26f468) 
thrown [s\src\hotspot\share\interpreter\linkResolver.cpp, line 804]
Event: 2.638 Thread 0x000001bdd08f16e0 Exception <a 'java/lang/NoSuchMethodError'{0x000000072f2c03c8}: 'java.lang.Object java.lang.invoke.Invokers$Holder.invokeExact_MT(java.lang.Object, java.lang.Object, java.lang.Object, java.lang.Object, java.lang.Object, java.lang.Object)'> (0x000000072f2c03c8) 
thrown [s\src\hotspot\share\interpreter\linkResolver.cpp, line 804]
Event: 2.640 Thread 0x000001bdd08f16e0 Implicit null exception at 0x000001bde32bb71d to 0x000001bde32bb8b0
Event: 2.644 Thread 0x000001bdd08f16e0 Exception <a 'java/lang/NoSuchMethodError'{0x000000072f2e0d38}: 'java.lang.Object java.lang.invoke.Invokers$Holder.invokeExact_MT(java.lang.Object, int, java.lang.Object)'> (0x000000072f2e0d38) 
thrown [s\src\hotspot\share\interpreter\linkResolver.cpp, line 804]
Event: 3.243 Thread 0x000001bdd08f16e0 Exception <a 'java/lang/NoSuchMethodError'{0x000000072eac9540}: 'void java.lang.invoke.Invokers$Holder.invokeExact_MT(java.lang.Object, java.lang.Object, java.lang.Object, java.lang.Object)'> (0x000000072eac9540) 
thrown [s\src\hotspot\share\interpreter\linkResolver.cpp, line 804]
Event: 3.288 Thread 0x000001bdd08f16e0 Exception <a 'java/lang/NoClassDefFoundError'{0x000000072eb63eb8}: com/google/inject/servlet/ServletModuleTargetVisitor> (0x000000072eb63eb8) 
thrown [s\src\hotspot\share\classfile\systemDictionary.cpp, line 316]

VM Operations (20 events):
Event: 0.536 Executing non-safepoint VM operation: HandshakeAllThreads (Deoptimize)
Event: 0.536 Executing non-safepoint VM operation: HandshakeAllThreads (Deoptimize) done
Event: 0.566 Executing non-safepoint VM operation: HandshakeAllThreads (Deoptimize)
Event: 0.566 Executing non-safepoint VM operation: HandshakeAllThreads (Deoptimize) done
Event: 1.964 Executing non-safepoint VM operation: HandshakeAllThreads (Deoptimize)
Event: 1.964 Executing non-safepoint VM operation: HandshakeAllThreads (Deoptimize) done
Event: 2.217 Executing non-safepoint VM operation: HandshakeAllThreads (Deoptimize)
Event: 2.218 Executing non-safepoint VM operation: HandshakeAllThreads (Deoptimize) done
Event: 2.320 Executing safepoint VM operation: G1CollectForAllocation (G1 Evacuation Pause)
Event: 2.327 Executing safepoint VM operation: G1CollectForAllocation (G1 Evacuation Pause) done
Event: 2.577 Executing non-safepoint VM operation: HandshakeAllThreads (Deoptimize)
Event: 2.577 Executing non-safepoint VM operation: HandshakeAllThreads (Deoptimize) done
Event: 2.707 Executing non-safepoint VM operation: HandshakeAllThreads (Deoptimize)
Event: 2.707 Executing non-safepoint VM operation: HandshakeAllThreads (Deoptimize) done
Event: 2.710 Executing non-safepoint VM operation: HandshakeAllThreads (Deoptimize)
Event: 2.710 Executing non-safepoint VM operation: HandshakeAllThreads (Deoptimize) done
Event: 2.939 Executing non-safepoint VM operation: HandshakeAllThreads (Deoptimize)
Event: 2.939 Executing non-safepoint VM operation: HandshakeAllThreads (Deoptimize) done
Event: 3.233 Executing non-safepoint VM operation: HandshakeAllThreads (Deoptimize)
Event: 3.233 Executing non-safepoint VM operation: HandshakeAllThreads (Deoptimize) done

Memory protections (0 events):
No events

Nmethod flushes (0 events):
No events

Events (16 events):
Event: 0.040 Thread 0x000001bdd08f16e0 Thread added: 0x000001bdd08f16e0
Event: 0.064 Thread 0x000001bdd08f16e0 Thread added: 0x000001bdf1a2bd80
Event: 0.064 Thread 0x000001bdd08f16e0 Thread added: 0x000001bdf1a2c7e0
Event: 0.064 Thread 0x000001bdd08f16e0 Thread added: 0x000001bdf1a2e450
Event: 0.064 Thread 0x000001bdd08f16e0 Thread added: 0x000001bdf1a303f0
Event: 0.064 Thread 0x000001bdd08f16e0 Thread added: 0x000001bdf1a30fb0
Event: 0.064 Thread 0x000001bdd08f16e0 Thread added: 0x000001bdf1a39b80
Event: 0.064 Thread 0x000001bdd08f16e0 Thread added: 0x000001bdf1a3afb0
Event: 0.065 Thread 0x000001bdd08f16e0 Thread added: 0x000001bdf1a561f0
Event: 0.071 Thread 0x000001bdd08f16e0 Thread added: 0x000001bdf1b2bfb0
Event: 0.074 Thread 0x000001bdd08f16e0 Thread added: 0x000001bdf1b32dc0
Event: 1.204 Thread 0x000001bdf1a561f0 Thread added: 0x000001bdf6956070
Event: 1.233 Thread 0x000001bdf1a561f0 Thread added: 0x000001bdf6946fd0
Event: 1.977 Thread 0x000001bdf6946fd0 Thread exited: 0x000001bdf6946fd0
Event: 2.930 Thread 0x000001bdf6956070 Thread exited: 0x000001bdf6956070
Event: 3.346 Thread 0x000001bdf1a561f0 Thread added: 0x000001bdf71ca090


Dynamic libraries:
0x00007ff73ee50000 - 0x00007ff73ee5e000 	C:\Program Files\Eclipse Adoptium\jdk-25.0.2.10-hotspot\bin\java.exe
0x00007ff8c1720000 - 0x00007ff8c1987000 	C:\WINDOWS\SYSTEM32\ntdll.dll
0x00007ff8bff90000 - 0x00007ff8c0059000 	C:\WINDOWS\System32\KERNEL32.DLL
0x00007ff8beb30000 - 0x00007ff8bef27000 	C:\WINDOWS\System32\KERNELBASE.dll
0x00007ff8bf220000 - 0x00007ff8bf36b000 	C:\WINDOWS\System32\ucrtbase.dll
0x00007ff8a9190000 - 0x00007ff8a91a6000 	C:\Program Files\Eclipse Adoptium\jdk-25.0.2.10-hotspot\bin\jli.dll
0x00007ff8a7670000 - 0x00007ff8a768e000 	C:\Program Files\Eclipse Adoptium\jdk-25.0.2.10-hotspot\bin\VCRUNTIME140.dll
0x00007ff8bf4a0000 - 0x00007ff8bf666000 	C:\WINDOWS\System32\USER32.dll
0x00007ff8bf140000 - 0x00007ff8bf167000 	C:\WINDOWS\System32\win32u.dll
0x00007ff8aaf70000 - 0x00007ff8ab202000 	C:\WINDOWS\WinSxS\amd64_microsoft.windows.common-controls_6595b64144ccf1df_6.0.26100.8328_none_3e08182ce334b678\COMCTL32.dll
0x00007ff8c0920000 - 0x00007ff8c094b000 	C:\WINDOWS\System32\GDI32.dll
0x00007ff8c12b0000 - 0x00007ff8c1359000 	C:\WINDOWS\System32\msvcrt.dll
0x00007ff8bf370000 - 0x00007ff8bf49c000 	C:\WINDOWS\System32\gdi32full.dll
0x00007ff8bf170000 - 0x00007ff8bf213000 	C:\WINDOWS\System32\msvcp_win.dll
0x00007ff8bf670000 - 0x00007ff8bf6a2000 	C:\WINDOWS\System32\IMM32.DLL
0x00007ff8b8750000 - 0x00007ff8b875c000 	C:\Program Files\Eclipse Adoptium\jdk-25.0.2.10-hotspot\bin\vcruntime140_1.dll
0x00007ff85c000000 - 0x00007ff85c08d000 	C:\Program Files\Eclipse Adoptium\jdk-25.0.2.10-hotspot\bin\msvcp140.dll
0x00007ff819d30000 - 0x00007ff81ac56000 	C:\Program Files\Eclipse Adoptium\jdk-25.0.2.10-hotspot\bin\server\jvm.dll
0x00007ff8bfed0000 - 0x00007ff8bff86000 	C:\WINDOWS\System32\ADVAPI32.dll
0x00007ff8c1200000 - 0x00007ff8c12a7000 	C:\WINDOWS\System32\sechost.dll
0x00007ff8c01f0000 - 0x00007ff8c0308000 	C:\WINDOWS\System32\RPCRT4.dll
0x00007ff8c0640000 - 0x00007ff8c06c0000 	C:\WINDOWS\System32\WS2_32.dll
0x00007ff8bdfb0000 - 0x00007ff8be00e000 	C:\WINDOWS\SYSTEM32\POWRPROF.dll
0x00007ff8b78d0000 - 0x00007ff8b7906000 	C:\WINDOWS\SYSTEM32\WINMM.dll
0x00007ff8b7910000 - 0x00007ff8b791b000 	C:\WINDOWS\SYSTEM32\VERSION.dll
0x00007ff8bdf90000 - 0x00007ff8bdfa4000 	C:\WINDOWS\SYSTEM32\UMPDC.dll
0x00007ff8bce40000 - 0x00007ff8bce5b000 	C:\WINDOWS\SYSTEM32\kernel.appcore.dll
0x00007ff8adeb0000 - 0x00007ff8adeba000 	C:\Program Files\Eclipse Adoptium\jdk-25.0.2.10-hotspot\bin\jimage.dll
0x00007ff8b4130000 - 0x00007ff8b4372000 	C:\WINDOWS\SYSTEM32\DBGHELP.DLL
0x00007ff8bf6b0000 - 0x00007ff8bfa33000 	C:\WINDOWS\System32\combase.dll
0x00007ff8c06e0000 - 0x00007ff8c07b9000 	C:\WINDOWS\System32\OLEAUT32.dll
0x00007ff8a7740000 - 0x00007ff8a777b000 	C:\WINDOWS\SYSTEM32\dbgcore.DLL
0x00007ff8be210000 - 0x00007ff8be2b8000 	C:\WINDOWS\System32\bcryptPrimitives.dll
0x00007ff8a62f0000 - 0x00007ff8a630e000 	C:\Program Files\Eclipse Adoptium\jdk-25.0.2.10-hotspot\bin\java.dll
0x00007ff8c1490000 - 0x00007ff8c1627000 	C:\WINDOWS\System32\ole32.dll
0x00007ff8c0a80000 - 0x00007ff8c11ee000 	C:\WINDOWS\System32\SHELL32.dll
0x00007ff8be2c0000 - 0x00007ff8beb2c000 	C:\WINDOWS\System32\windows.storage.dll
0x00007ff8c0060000 - 0x00007ff8c0156000 	C:\WINDOWS\System32\SHCORE.dll
0x00007ff8c05b0000 - 0x00007ff8c0616000 	C:\WINDOWS\System32\shlwapi.dll
0x00007ff8be070000 - 0x00007ff8be099000 	C:\WINDOWS\SYSTEM32\profapi.dll
0x00007ff8a62d0000 - 0x00007ff8a62e1000 	C:\Program Files\Eclipse Adoptium\jdk-25.0.2.10-hotspot\bin\net.dll
0x00007ff8bd3f0000 - 0x00007ff8bd45c000 	C:\WINDOWS\system32\mswsock.dll
0x00007ff8a5e10000 - 0x00007ff8a5e26000 	C:\Program Files\Eclipse Adoptium\jdk-25.0.2.10-hotspot\bin\nio.dll
0x00007ff8a5bf0000 - 0x00007ff8a5c07000 	C:\Program Files\Eclipse Adoptium\jdk-25.0.2.10-hotspot\bin\zip.dll
0x00000000006a0000 - 0x00000000006c4000 	C:\Users\ziad6\AppData\Local\Temp\jansi-2.4.0-9299ab23d0deefd4-jansi.dll
0x00007ff8aae40000 - 0x00007ff8aae50000 	C:\Program Files\Eclipse Adoptium\jdk-25.0.2.10-hotspot\bin\verify.dll

JVMTI agents: none

dbghelp: loaded successfully - version: 4.0.5 - missing functions: none
symbol engine: initialized successfully - sym options: 0x614 - pdb path: .;C:\Program Files\Eclipse Adoptium\jdk-25.0.2.10-hotspot\bin;C:\WINDOWS\SYSTEM32;C:\WINDOWS\WinSxS\amd64_microsoft.windows.common-controls_6595b64144ccf1df_6.0.26100.8328_none_3e08182ce334b678;C:\Program Files\Eclipse Adoptium\jdk-25.0.2.10-hotspot\bin\server;C:\Users\ziad6\AppData\Local\Temp

VM Arguments:
jvm_args: -Dmaven.multiModuleProjectDirectory=C:\Users\ziad6\IdeaProjects\demo3 
java_command: org.apache.maven.wrapper.MavenWrapperMain -q -DskipTests package
java_class_path (initial): C:\Users\ziad6\IdeaProjects\demo3\.mvn\wrapper\maven-wrapper.jar
Launcher Type: SUN_STANDARD

[Global flags]
     intx CICompilerCount                          = 4                                         {product} {ergonomic}
     uint ConcGCThreads                            = 2                                         {product} {ergonomic}
     uint G1ConcRefinementThreads                  = 8                                         {product} {ergonomic}
   size_t G1HeapRegionSize                         = 2097152                                   {product} {ergonomic}
   size_t InitialHeapSize                          = 234881024                                 {product} {ergonomic}
   size_t MarkStackSize                            = 4194304                                   {product} {ergonomic}
   size_t MarkStackSizeMax                         = 536870912                                 {product} {ergonomic}
   size_t MaxHeapSize                              = 3728736256                                {product} {ergonomic}
   size_t MaxNewSize                               = 2235564032                                {product} {ergonomic}
   size_t MinHeapDeltaBytes                        = 2097152                                   {product} {ergonomic}
   size_t MinHeapSize                              = 8388608                                   {product} {ergonomic}
    uintx NonNMethodCodeHeapSize                   = 5832704                                {pd product} {ergonomic}
    uintx NonProfiledCodeHeapSize                  = 122945536                              {pd product} {ergonomic}
    uintx ProfiledCodeHeapSize                     = 122880000                              {pd product} {ergonomic}
    uintx ReservedCodeCacheSize                    = 251658240                              {pd product} {ergonomic}
     bool SegmentedCodeCache                       = true                                      {product} {ergonomic}
   size_t SoftMaxHeapSize                          = 3728736256                             {manageable} {ergonomic}
     bool UseCompressedOops                        = true                           {product lp64_product} {ergonomic}
     bool UseG1GC                                  = true                                      {product} {ergonomic}
     bool UseLargePagesIndividualAllocation        = false                                  {pd product} {ergonomic}

Logging:
Log output configuration:
 #0: stdout all=warning uptime,level,tags foldmultilines=false
 #1: stderr all=off uptime,level,tags foldmultilines=false

Release file:
IMPLEMENTOR="Eclipse Adoptium" 
IMPLEMENTOR_VERSION="Temurin-25.0.2+10" 
JAVA_RUNTIME_VERSION="25.0.2+10-LTS" 
JAVA_VERSION="25.0.2" 
JAVA_VERSION_DATE="2026-01-20" 
LIBC="default" 
MODULES="java.base java.compiler java.datatransfer java.xml java.prefs java.desktop java.instrument java.logging java.management java.security.sasl java.naming java.rmi java.management.rmi java.net.http java.scripting java.security.jgss java.transaction.xa java.sql java.sql.rowset java.xml.crypto java.se java.smartcardio jdk.accessibility jdk.internal.jvmstat jdk.attach jdk.charsets jdk.internal.opt jdk.zipfs jdk.compiler jdk.crypto.cryptoki jdk.crypto.ec jdk.crypto.mscapi jdk.dynalink jdk.internal.ed jdk.editpad jdk.internal.vm.ci jdk.graal.compiler jdk.graal.compiler.management jdk.hotspot.agent jdk.httpserver jdk.incubator.vector jdk.internal.le jdk.internal.md jdk.jartool jdk.javadoc jdk.jcmd jdk.management jdk.management.agent jdk.jconsole jdk.jdeps jdk.jdwp.agent jdk.jdi jdk.jfr jdk.jlink jdk.jpackage jdk.jshell jdk.jsobject jdk.jstatd jdk.localedata jdk.management.jfr jdk.naming.dns jdk.naming.rmi jdk.net jdk.nio.mapmode jdk.sctp jdk.security.auth jdk.security.jgss jdk.unsupported jdk.unsupported.desktop jdk.xml.dom" 
OS_ARCH="x86_64" 
OS_NAME="Windows" 
SOURCE=".:git:9e3c947043a4" 
BUILD_SOURCE="git:458965074606f027bd5afce2cfd5c1055dea0438"
BUILD_SOURCE_REPO="https://github.com/adoptium/temurin-build.git"
SOURCE_REPO="https://github.com/adoptium/jdk25u.git"
FULL_VERSION="25.0.2+10-LTS"
SEMANTIC_VERSION="25.0.2+10"
BUILD_INFO="OS: Windows Server 2022 Version: 10.0"
JVM_VARIANT="Hotspot"
JVM_VERSION="25.0.2+10-LTS"
IMAGE_TYPE="JDK"

Environment Variables:
JAVA_HOME=C:\Program Files\Eclipse Adoptium\jdk-25.0.2.10-hotspot
PATH=C:\Program Files\Eclipse Adoptium\jdk-25.0.2.10-hotspot\bin;C:\Program Files (x86)\VMware\VMware Workstation\bin\;C:\Program Files (x86)\Common Files\Oracle\Java\javapath;C:\Program Files\Common Files\Oracle\Java\javapath;C:\WINDOWS\system32;C:\WINDOWS;C:\WINDOWS\System32\Wbem;C:\WINDOWS\System32\WindowsPowerShell\v1.0\;C:\WINDOWS\System32\OpenSSH\;C:\Program Files\nodejs\;C:\Program Files\Git\cmd;D:\bin;C:\Users\ziad6\Minikube;;C:\minikube;C:\WINDOWS\system32;C:\WINDOWS;C:\WINDOWS\System32\Wbem;C:\WINDOWS\System32\WindowsPowerShell\v1.0\;C:\WINDOWS\System32\OpenSSH\;C:\Program Files\dotnet\;C:\Program Files (x86)\Windows Kits\10\Windows Performance Toolkit\;C:\Program Files\Docker\Docker\resources\bin;C:\Program Files\Tailscale\;C:\Program Files (x86)\cloudflared\;C:\Users\ziad6\AppData\Local\Programs\Python\Launcher\;C:\WINDOWS\system32;C:\WINDOWS;C:\WINDOWS\System32\Wbem;C:\WINDOWS\System32\WindowsPowerShell\v1.0\;C:\WINDOWS\System32\OpenSSH\;C:\Program Files\nodejs\;C:\Program Files\Git\cmd;C:\Users\ziad6\AppData\Local\Programs\Microsoft VS Code\bin;D:\IntelliJ IDEA 2024.2.4\bin;;C:\Users\ziad6\AppData\Roaming\npm;C:\Users\ziad6\AppData\Local\Pub\Cache\bin;D:\bin;C:\Users\ziad6\flutter\flutter\bin\cache\dart-sdk\bin;C:\Program Files\Eclipse Adoptium\jdk-17.0.18.8-hotspot\bin;D:\apache-maven-3.9.9-bin\apache-maven-3.9.9\bin;C:\ProgramData\chocolatey\bin;C:\Users\ziad6\AppData\Local\Microsoft\WindowsApps;D:\Downloads\openjdk-23.0.1_windows-x64_bin.zip\jdk-23.0.1\bin;C:\Program Files\Java\jdk-23\bin;C:\Users\ziad6\flutter\flutter\bin;C:\Users\ziad6\AppData\Local\GitHubDesktop\bin;D:\scrcpy-win64-v3.3.1;C:\Users\ziad6\AppData\Local\Programs\Python\Python311;C:\Users\ziad6\AppData\Local\Programs\Python\Python311\Scripts;D:\javacc-6.0.1\bin;C:\Program Files\Eclipse Adoptium\jdk-25.0.2.10-hotspot;C:\Program Files\Eclipse Adoptium\jdk-17.0.18.8-hotspot;C:\Users\ziad6\AppData\Local\Microsoft\WinGet\Links;
USERNAME=ziad6
OS=Windows_NT
PROCESSOR_IDENTIFIER=AMD64 Family 23 Model 24 Stepping 1, AuthenticAMD
TMP=C:\Users\ziad6\AppData\Local\Temp
TEMP=C:\Users\ziad6\AppData\Local\Temp




Compilation memory statistics disabled.

Periodic native trim disabled

---------------  S Y S T E M  ---------------

OS:
 Windows 11 , 64 bit Build 26100 (10.0.26100.8328)
OS uptime: 0 days 1:28 hours
Hyper-V role detected

CPU: total 8 (initial active 8) (8 cores per cpu, 2 threads per core) family 23 model 24 stepping 1 microcode 0x810810d, cx8, cmov, fxsr, ht, mmx, 3dnowpref, sse, sse2, sse3, ssse3, sse4a, sse4.1, sse4.2, popcnt, lzcnt, tsc, tscinvbit, avx, avx2, aes, clmul, bmi1, bmi2, adx, sha, fma, vzeroupper, clflush, clflushopt, hv, rdtscp, f16c
Processor Information for the first 8 processors :
  Max Mhz: 2100, Current Mhz: 2100, Mhz Limit: 2100

Memory: 4k page, system-wide physical 14222M (1462M free)
TotalPageFile size 18318M (AvailPageFile size 48M)
current process WorkingSet (physical memory assigned to process): 133M, peak: 136M
current process commit charge ("private bytes"): 347M, peak: 356M

vm_info: OpenJDK 64-Bit Server VM (25.0.2+10-LTS) for windows-amd64 JRE (25.0.2+10-LTS), built on 2026-01-20T00:00:00Z with MS VC++ 17.12 (VS2022)

END.
